[agrowealthcapitals.com/index.html]
[backblue.gif]
[fade.gif]
[index.html]
[agrowealthcapitals.com/assets/upload/logo/cJvqHEOE1jX77ciAvRI4wuJUOMygTL.avif]
[agrowealthcapitals.com/assets/themes/light/css/bootstrap.css]
[agrowealthcapitals.com/assets/themes/light/css/style.css]
[cdn.jsdelivr.net/npm/intl-tel-input@23.7.3/build/css/intlTelInput.css]
[agrowealthcapitals.com/assets/themes/light/css/spop.min.css]
[agrowealthcapitals.com/assets/themes/light/images/preloader.gif]
[agrowealthcapitals.com/assets/upload/logo/logo.png]
[agrowealthcapitals.com/assets/themes/light/images/icons/icon-bar-two.png]
[agrowealthcapitals.com/indexc3d7.html]
[agrowealthcapitals.com/assets/themes/light/images/banner/banner-bg-shape.png]
[agrowealthcapitals.com/index38cd.html]
[agrowealthcapitals.com/indexbc14.html]
[agrowealthcapitals.com/index8f03.html]
[agrowealthcapitals.com/assets/upload/contents/p9Ozgb3fT3ahqcVlBsUGmOdRjoM2BA.webp]
[agrowealthcapitals.com/index15a0.html]
[agrowealthcapitals.com/indexc30b.html]
[agrowealthcapitals.com/assets/themes/light/images/banner/banner-bg-1.png]
[agrowealthcapitals.com/indexcca3.html]
[agrowealthcapitals.com/assets/upload/contents/6ocDHikEi8KlQdhSaP6BTWl7Cw9EK6.webp]
[agrowealthcapitals.com/assets/upload/contents/Z1dZdGleCGfOJC5MiT56RlmjkCOqQh.webp]
[agrowealthcapitals.com/assets/upload/contents/YvthcHNusZUVhfjfaFbZIMA8sMUT2O.webp]
[agrowealthcapitals.com/assets/upload/contents/htyGM9ZLIpn99snhQYu23JcDrlCU6c.webp]
[agrowealthcapitals.com/assets/upload/contents/nRrxfzewcNBLwrxl2ug2rcrpEfQoki.webp]
[agrowealthcapitals.com/assets/upload/contents/qRyaK5C2GjgZLkVlnMq14nHvBZtl2J.webp]
[agrowealthcapitals.com/assets/upload/contents/zKu41PE9HJrJ0B4CXcD8wmUNZxLIkU.webp]
[agrowealthcapitals.com/assets/upload/contents/bWQjBj8LkreFpm0VINUps7NTGChqMv.webp]
[agrowealthcapitals.com/assets/upload/contents/7K5HBj2cuHmaPtGUJxTOF4YuKXLnUc.webp]
[agrowealthcapitals.com/assets/upload/contents/ssc56RKKBaveNXjaZN0OGtEjqjeGMS.webp]
[agrowealthcapitals.com/assets/upload/contents/g0WkJpI1Dt9Vrkd0DYRA1h5BnQqLj5.webp]
[agrowealthcapitals.com/assets/upload/contents/0HKaBihBU1PIFt9lzocOvfogUImcrR.webp]
[agrowealthcapitals.com/assets/upload/contents/8a9PvpqqbleuGsizZv8UmbMLtrGSHA.webp]
[agrowealthcapitals.com/assets/upload/contents/OEifQlGINjaBrXcpTUDUdceFkDPl50.webp]
[agrowealthcapitals.com/assets/themes/light/images/shape/title-bottom-shape.svg]
[agrowealthcapitals.com/assets/themes/light/images/shape/title-top-shape.png]
[agrowealthcapitals.com/assets/themes/light/images/shape/title-top-left.png]
[agrowealthcapitals.com/assets/upload/contents/wPdePJubMsXlMmTptJN0yUJ1X28BGN.webp]
[agrowealthcapitals.com/assets/upload/contents/b5MU9T7Wvr11Z1VETr4MhDJuDB6Abm.webp]
[agrowealthcapitals.com/assets/upload/contents/iZin1ZB76ZDbS0EZPhSKbq5YL1qrRq.webp]
[agrowealthcapitals.com/assets/upload/contents/DCC1bEzoXkMTkmB6slhGcaZSNuh8zI.webp]
[agrowealthcapitals.com/assets/upload/contents/Cyjsl3eiMZJrBd178DRZA3sK0wvtQ8.webp]
[agrowealthcapitals.com/assets/upload/contents/7Ftk2tJP4M2AIArGjfE2yax7DBSoxU.webp]
[agrowealthcapitals.com/assets/themes/light/images/shape/dot-box-1.png]
[agrowealthcapitals.com/assets/themes/light/images/shape/line-shape-2.png]
[agrowealthcapitals.com/assets/themes/light/images/shape/title-top-left-2.png]
[agrowealthcapitals.com/assets/upload/contents/wXhmQ6e5rS0p7nMHXkJzVRE9VHpKUh.webp]
[agrowealthcapitals.com/assets/upload/contents/B9nEH0WsF21cCJMK4ZWrj2yqsKHspS.webp]
[agrowealthcapitals.com/assets/upload/contents/m41yPJKh5TpEmjTlC25w2B0ehDMJmI.webp]
[agrowealthcapitals.com/assets/upload/contents/woW6pHTNo25VTl1C8IE1v2WKGAG9L0.webp]
[agrowealthcapitals.com/assets/themes/light/images/shape/light-left.png]
[agrowealthcapitals.com/assets/themes/light/images/shape/dollor.png]
[agrowealthcapitals.com/assets/themes/light/images/shape/light-1.png]
[agrowealthcapitals.com/assets/themes/light/images/shape/title-top-left-3.png]
[agrowealthcapitals.com/assets/upload/project/H5nwDgkkBOdxMtaNBt9PXMOen9oZuA.webp]
[agrowealthcapitals.com/assets/upload/project/FBHjs6sgzkp3tJ8rQXNacjhQDP4Ada.webp]
[agrowealthcapitals.com/assets/upload/project/9ax04liSCw1EzoOb1gShJpyLRtdZhJ.webp]
[agrowealthcapitals.com/assets/upload/project/FCIzIHvlTGVYVSjJ8OvmR6OMz8F7VY.webp]
[agrowealthcapitals.com/assets/themes/light/images/shape/shape-03.png]
[agrowealthcapitals.com/assets/upload/contents/Ueo3X9wMrLFTBZFitjxZUjqZfkxlsT.webp]
[agrowealthcapitals.com/assets/themes/light/images/shape/dot-box-2.png]
[agrowealthcapitals.com/assets/themes/light/images/shape/farming-right-shape.png]
[agrowealthcapitals.com/assets/upload/project/PXj2ObdJmYS7ekwtyp0WXgzguM46gs.webp]
[agrowealthcapitals.com/assets/upload/project/JC8DNwzWQsIJr65ezoiBvsaV1DPSZ5.webp]
[agrowealthcapitals.com/assets/upload/project/NcXdBctZjSoZmJ68u9qY1MpmCghZuP.webp]
[agrowealthcapitals.com/assets/upload/project/J4OgXiYLHhkJq9l2jzKS9RUDUant1v.webp]
[agrowealthcapitals.com/assets/themes/light/images/shape/title-top-shape-2.png]
[agrowealthcapitals.com/assets/upload/plan/2M8tovrePBLdqo0RUlOvG9CfgZDlvv.webp]
[agrowealthcapitals.com/assets/upload/plan/79e2IfGwDKgM7vjFpswsXBLc7LeROF.webp]
[agrowealthcapitals.com/assets/upload/plan/EI5o6DkRt86RZuI7rm8IoNdoFyr49g.webp]
[agrowealthcapitals.com/assets/upload/plan/E8eDbOG3TKdjDdMCBdATPPvv2oGM5E.webp]
[agrowealthcapitals.com/assets/upload/plan/KeIa9UDXcdcIeNxLk9CRAAUTq3ZVgV.webp]
[agrowealthcapitals.com/assets/upload/plan/53PVRywbEOBWcQNjpvAVRvYRONFtRq.webp]
[agrowealthcapitals.com/assets/themes/light/images/shape/dollor-2.png]
[agrowealthcapitals.com/assets/themes/light/images/shape/earth-round.png]
[agrowealthcapitals.com/assets/upload/contents/skoXBtoOsAn6YOPdg57Pyo2kT6J3S9.webp]
[agrowealthcapitals.com/assets/upload/contents/pFdo4ptqourSzy21NvdTWx1RKqVf8D.webp]
[agrowealthcapitals.com/assets/upload/contents/yWjRvkGyS5xr6zwu00AO5fKGyOed4g.webp]
[agrowealthcapitals.com/assets/themes/light/images/shape/dot-box-3.png]
[agrowealthcapitals.com/assets/upload/blog/yYSHq1N5nuU6DEsYrDSJyUmxpHdfyD.webp]
[agrowealthcapitals.com/assets/admin/img/default.png]
[agrowealthcapitals.com/assets/upload/blog/snhMMwisRGU3avbX9nxl1TMr7gnpOh.webp]
[agrowealthcapitals.com/assets/upload/blog/A7uWY1AE61sdAtCOgCcTVdt3V15wZl.webp]
[agrowealthcapitals.com/assets/upload/blog/OhqrirEbGtv3jm9QGbtBfL0WuxAJJP.webp]
[agrowealthcapitals.com/assets/themes/light/images/shape/leaf.png]
[agrowealthcapitals.com/assets/themes/light/images/shape/dollor-3.png]
[agrowealthcapitals.com/assets/upload/contents/jXm6eDOqvAqNHjJ1PF32yy1FtUkmnZ.webp]
[agrowealthcapitals.com/assets/themes/light/images/background/footer-bg-shape.png]
[agrowealthcapitals.com/assets/global/js/jquery.min.js]
[agrowealthcapitals.com/index4868.html]
[agrowealthcapitals.com/indexff70.html]
[agrowealthcapitals.com/assets/global/js/notiflix-aio-3.2.6.min.js]
[agrowealthcapitals.com/indexa972.html]
[agrowealthcapitals.com/index8112.html]
[agrowealthcapitals.com/assets/themes/light/js/bootstrap.min.js]
[agrowealthcapitals.com/assets/themes/light/js/fancybox.umd.js]
[agrowealthcapitals.com/assets/themes/light/js/select2.min.js]
[agrowealthcapitals.com/assets/themes/light/js/jquery.nice-select.min.js]
[agrowealthcapitals.com/assets/themes/light/js/appear.js]
[agrowealthcapitals.com/assets/themes/light/js/wow.js]
[agrowealthcapitals.com/assets/themes/light/js/owl.js]
[agrowealthcapitals.com/assets/themes/light/js/TweenMax.min.js]
[agrowealthcapitals.com/assets/themes/light/js/odometer.min.js]
[agrowealthcapitals.com/assets/themes/light/js/swiper.min.js]
[agrowealthcapitals.com/assets/themes/light/js/jquery.ajaxchimp.min.js]
[agrowealthcapitals.com/assets/themes/light/js/parallax-scroll.js]
[agrowealthcapitals.com/assets/themes/light/js/jarallax.min.js]
[agrowealthcapitals.com/assets/themes/light/js/jquery.paroller.min.js]
[agrowealthcapitals.com/assets/themes/light/js/flatpickr-min.js]
[agrowealthcapitals.com/assets/themes/light/js/jquery.magnific-popup.min.js]
[agrowealthcapitals.com/assets/themes/light/js/socialSharing.js]
[agrowealthcapitals.com/assets/themes/light/js/script.js]
[cdn.jsdelivr.net/npm/intl-tel-input@23.7.3/build/js/intlTelInput.min.js]
[agrowealthcapitals.com/assets/themes/light/js/spop.min.js]
[cdn.gtranslate.net/widgets/latest/float.js]
[agrowealthcapitals.com/assets/upload/cookie/zrzBvRgSePiR9s7P7McjOB6NlN1RHZ.webp]
[agrowealthcapitals.com/index.html]
[www.smartsuppchat.com/loaderd41d.js]
[agrowealthcapitals.com/assets/themes/light/css/bootstrap.css]
[agrowealthcapitals.com/assets/themes/light/css/module-css/01-header.css]
[agrowealthcapitals.com/assets/themes/light/css/module-css/02-mobile-menu.css]
[agrowealthcapitals.com/assets/themes/light/css/module-css/03-banner.css]
[agrowealthcapitals.com/assets/themes/light/css/module-css/04-footer.css]
[agrowealthcapitals.com/assets/themes/light/css/module-css/05-subscribe.css]
[agrowealthcapitals.com/assets/themes/light/css/module-css/06-how-work.css]
[agrowealthcapitals.com/assets/themes/light/css/module-css/07-position-apart.css]
[agrowealthcapitals.com/assets/themes/light/css/module-css/08-project.css]
[agrowealthcapitals.com/assets/themes/light/css/module-css/09-agriculture.css]
[agrowealthcapitals.com/assets/themes/light/css/module-css/10-pricing.css]
[agrowealthcapitals.com/assets/themes/light/css/module-css/11-farming.css]
[agrowealthcapitals.com/assets/themes/light/css/module-css/12-testimonial.css]
[agrowealthcapitals.com/assets/themes/light/css/module-css/13-blog.css]
[agrowealthcapitals.com/assets/themes/light/css/module-css/14-counter.css]
[agrowealthcapitals.com/assets/themes/light/css/module-css/15-about.css]
[agrowealthcapitals.com/assets/themes/light/css/module-css/16-faq.css]
[agrowealthcapitals.com/assets/themes/light/css/module-css/17-signin-signup.css]
[agrowealthcapitals.com/assets/themes/light/css/module-css/18-payment.css]
[agrowealthcapitals.com/assets/themes/light/css/01-global.css]
[agrowealthcapitals.com/assets/themes/light/css/color.css]
[agrowealthcapitals.com/assets/themes/light/css/all.min.css]
[agrowealthcapitals.com/assets/themes/light/css/fancy-box-carusol.css]
[agrowealthcapitals.com/assets/themes/light/css/flaticon.css]
[agrowealthcapitals.com/assets/themes/light/css/animate.css]
[agrowealthcapitals.com/assets/themes/light/css/icomoon.css]
[agrowealthcapitals.com/assets/themes/light/css/jquery.fancybox.min.css]
[agrowealthcapitals.com/assets/themes/light/css/swiper.min.css]
[agrowealthcapitals.com/assets/themes/light/css/rtl.css]
[agrowealthcapitals.com/assets/themes/light/css/elpath.css]
[agrowealthcapitals.com/assets/themes/light/css/select2.min.css]
[agrowealthcapitals.com/assets/themes/light/css/nice-select.css]
[agrowealthcapitals.com/assets/themes/light/css/flatpickr-min.css]
[agrowealthcapitals.com/assets/themes/light/css/odometer-theme-default.css]
[agrowealthcapitals.com/assets/themes/light/css/owl.css]
[agrowealthcapitals.com/assets/themes/light/css/magnific-popup.css]
[agrowealthcapitals.com/assets/themes/light/css/intlTelInput.min.css]
[agrowealthcapitals.com/assets/themes/light/css/style.css]
[cdn.jsdelivr.net/npm/intl-tel-input@23.7.3/build/css/intlTelInput.css]
[agrowealthcapitals.com/assets/themes/light/css/spop.min.css]
[agrowealthcapitals.com/indexbc14.html]
[agrowealthcapitals.com/assets/upload/cOVA77pvnkkFMDg8kCnA7FIXmvw1n8.avif]
[agrowealthcapitals.com/assets/upload/contents/5cNFlE5hGCJCSwFcPDbodIFPaZi9uZ.webp]
[agrowealthcapitals.com/assets/upload/project/MuCPEoLoQVRoFUxkm2oEWEjR8shido.webp]
[agrowealthcapitals.com/assets/upload/project/nqkb4GgebbnWp0Sywn1JSKkYGavB0A.webp]
[agrowealthcapitals.com/indexc3d7.html]
[agrowealthcapitals.com/assets/upload/pagesImage/pQmY3BseQRWzPLbebv6xJI7ttrk18x.avif]
[agrowealthcapitals.com/assets/upload/project/L5NkyrVNF3IuU3qYRFH53QAT00IPz2.webp]
[agrowealthcapitals.com/assets/themes/light/images/shape/cloud.png]
[agrowealthcapitals.com/assets/themes/light/images/shape/star.png]
[agrowealthcapitals.com/assets/upload/contents/Yl76VeGgbQNvyVdaeuzLduazGG3z4F.webp]
[agrowealthcapitals.com/assets/upload/contents/Biip2yNRpL2n6TO7OUvaLSc0nL7Run.webp]
[agrowealthcapitals.com/assets/upload/contents/38SLxYpv6KMO7m1wmZKSN6dFo8B5Ty.webp]
[agrowealthcapitals.com/assets/upload/contents/uIjvpeAQAcHZ6U0w4sTHPufOQAx93m.webp]
[agrowealthcapitals.com/assets/upload/contents/0ZRSJYJ7zeaquDJRPzIL8fTEUnLrxS.webp]
[agrowealthcapitals.com/assets/upload/contents/nELfkQTdigkB3HRRR3IgNPTbdZcNCg.webp]
[agrowealthcapitals.com/assets/upload/contents/aLO7KqaIzRMnqzhoHJWH4AMlk0Delk.webp]
[agrowealthcapitals.com/assets/upload/contents/BkivDN1Q3mADxEXaLTJn3hTvT7wDWx.webp]
[agrowealthcapitals.com/assets/upload/contents/gEHk3ILjE7F0cLUmBhf07uO1SHbvgn.webp]
[agrowealthcapitals.com/index8f03.html]
[agrowealthcapitals.com/assets/upload/51yDNtv2ooNypfHiXuEbleMzBt0sPA.avif]
[agrowealthcapitals.com/assets/themes/light/images/shape/line-left-02.png]
[agrowealthcapitals.com/assets/upload/contents/DvTYyOF1gqK6YoLEGTXJgX7MkYzxXJ.webp]
[agrowealthcapitals.com/index38cd.html]
[agrowealthcapitals.com/assets/upload/pE7OJJNu2edcPRn22yIS7mGcFq6aWb.avif]
[agrowealthcapitals.com/assets/upload/contents/Elhha3V13qMWf1PrCXpt2U78ntyg8G.webp]
[agrowealthcapitals.com/assets/themes/light/images/shape/contact-left-earth.png]
[agrowealthcapitals.com/assets/themes/light/images/shape/contact-line.png]
[agrowealthcapitals.com/assets/upload/contents/jxWh4XoKzdDaqMIGwZThVRfwTSMkyC.webp]
[agrowealthcapitals.com/index15a0.html]
[agrowealthcapitals.com/assets/upload/pagesImage/z5bFu7N1kCJDm0SLsK4eRptkxyIpTw.avif]
[agrowealthcapitals.com/assets/upload/contents/VpK7EXeKluYyuvK00B36Td8BFO2Mgt.webp]
[agrowealthcapitals.com/indexc30b.html]
[agrowealthcapitals.com/index8083.html]
[agrowealthcapitals.com/assets/upload/pagesImage/1LWDByAkpMwDcFy37Og3hx94pEApX5.avif]
[agrowealthcapitals.com/assets/upload/contents/2GDbzR2sclEs6GCbfkHkcFl987TQ6Z.webp]
[agrowealthcapitals.com/indexcca3.html]
[agrowealthcapitals.com/assets/themes/light/images/shape/title-bottom-shape.svg]
[agrowealthcapitals.com/assets/upload/pagesImage/EgxvUMu5CPzMcnEfDGAXhXxfLSuALk.avif]
[agrowealthcapitals.com/assets/upload/blog/kiXG0NkVWYzcRpoH5pnY8DBGd7chpp.webp]
[agrowealthcapitals.com/assets/upload/blog/0jPxwFRukheJfjs2MsvcqfFLg93nOZ.webp]
[agrowealthcapitals.com/index4868.html]
[agrowealthcapitals.com/assets/upload/RxOpTjx3t9hu2BhdTlzisAQQV6pBQY.avif]
[agrowealthcapitals.com/indexff70.html]
[agrowealthcapitals.com/assets/upload/C5E4AZLvlFVHi4pgHBzro7q77cLun4.avif]
[agrowealthcapitals.com/indexa972.html]
[agrowealthcapitals.com/assets/upload/BnZzG4xnLL501ZcTfXLfx10KrFSw3d.avif]
[agrowealthcapitals.com/index8112.html]
[agrowealthcapitals.com/index-2.html]
[agrowealthcapitals.com/assets/themes/light/css/module-css/01-header.css]
[agrowealthcapitals.com/assets/themes/light/css/module-css/02-mobile-menu.css]
[agrowealthcapitals.com/assets/themes/light/css/module-css/03-banner.css]
[agrowealthcapitals.com/assets/themes/light/css/module-css/04-footer.css]
[agrowealthcapitals.com/assets/themes/light/images/background/subscribed-02.html]
[agrowealthcapitals.com/assets/themes/light/css/module-css/05-subscribe.css]
[agrowealthcapitals.com/assets/themes/light/css/module-css/06-how-work.css]
[agrowealthcapitals.com/assets/themes/light/css/module-css/07-position-apart.css]
[agrowealthcapitals.com/assets/themes/light/css/module-css/08-project.css]
[agrowealthcapitals.com/assets/themes/light/css/module-css/09-agriculture.css]
[agrowealthcapitals.com/assets/themes/light/images/background/pricing-bg.jpg]
[agrowealthcapitals.com/assets/themes/light/css/module-css/10-pricing.css]
[agrowealthcapitals.com/assets/themes/light/css/module-css/11-farming.css]
[agrowealthcapitals.com/assets/themes/light/css/module-css/12-testimonial.css]
[agrowealthcapitals.com/assets/themes/light/css/module-css/13-blog.css]
[agrowealthcapitals.com/assets/themes/light/css/module-css/14-counter.css]
[agrowealthcapitals.com/assets/themes/light/css/module-css/15-about.css]
[agrowealthcapitals.com/assets/themes/light/css/module-css/16-faq.css]
[agrowealthcapitals.com/assets/themes/light/css/module-css/17-signin-signup.css]
[agrowealthcapitals.com/assets/themes/light/css/module-css/18-payment.css]
[agrowealthcapitals.com/assets/themes/light/css/01-global.css]
[agrowealthcapitals.com/assets/themes/light/css/color.css]
[agrowealthcapitals.com/assets/themes/light/css/responsive.css]
[agrowealthcapitals.com/assets/themes/light/webfonts/fa-brands-400.woff2]
[agrowealthcapitals.com/assets/themes/light/webfonts/fa-brands-400.woff]
[agrowealthcapitals.com/assets/themes/light/webfonts/fa-duotone-900.woff2]
[agrowealthcapitals.com/assets/themes/light/webfonts/fa-duotone-900.woff]
[agrowealthcapitals.com/assets/themes/light/webfonts/fa-light-300.woff2]
[agrowealthcapitals.com/assets/themes/light/webfonts/fa-light-300.woff]
[agrowealthcapitals.com/assets/themes/light/webfonts/fa-regular-400.woff2]
[agrowealthcapitals.com/assets/themes/light/webfonts/fa-regular-400.woff]
[agrowealthcapitals.com/assets/themes/light/webfonts/fa-solid-900.woff2]
[agrowealthcapitals.com/assets/themes/light/webfonts/fa-solid-900.woff]
[agrowealthcapitals.com/assets/themes/light/webfonts/fa-thin-100.woff2]
[agrowealthcapitals.com/assets/themes/light/webfonts/fa-thin-100.woff]
[agrowealthcapitals.com/assets/themes/light/css/all.min.css]
[agrowealthcapitals.com/assets/themes/light/css/fancy-box-carusol.css]
[agrowealthcapitals.com/assets/themes/light/fonts/flaticond22fd22f.woff]
[agrowealthcapitals.com/assets/themes/light/fonts/flaticond22fd22f.woff2]
[agrowealthcapitals.com/assets/themes/light/fonts/flaticond22fd22f.eot]
[agrowealthcapitals.com/assets/themes/light/css/flaticon.css]
[agrowealthcapitals.com/assets/themes/light/css/animate.css]
[agrowealthcapitals.com/assets/themes/light/fonts/icomoonb80fb80f.eot]
[agrowealthcapitals.com/assets/themes/light/fonts/flaticond22fd22f.svg]
[agrowealthcapitals.com/assets/themes/light/fonts/icomoonb80fb80f.ttf]
[agrowealthcapitals.com/assets/themes/light/fonts/icomoonb80fb80f.woff]
[agrowealthcapitals.com/assets/themes/light/css/icomoon.css]
[agrowealthcapitals.com/assets/themes/light/css/jquery.fancybox.min.css]
[agrowealthcapitals.com/assets/themes/light/css/swiper.min.css]
[agrowealthcapitals.com/assets/themes/light/css/rtl.css]
[agrowealthcapitals.com/assets/themes/light/css/elpath.css]
[agrowealthcapitals.com/assets/themes/light/css/select2.min.css]
[agrowealthcapitals.com/assets/themes/light/css/nice-select.css]
[agrowealthcapitals.com/assets/themes/light/css/flatpickr-min.css]
[agrowealthcapitals.com/assets/themes/light/css/odometer-theme-default.css]
[agrowealthcapitals.com/assets/themes/light/fonts/icomoonb80fb80f.svg]
[agrowealthcapitals.com/assets/themes/light/css/owl.video.play.html]
[agrowealthcapitals.com/assets/themes/light/css/owl.css]
[agrowealthcapitals.com/assets/themes/light/css/magnific-popup.css]
[agrowealthcapitals.com/assets/themes/light/images/flags.png]
[agrowealthcapitals.com/assets/themes/light/images/flags@2x.png]
[agrowealthcapitals.com/assets/themes/light/css/intlTelInput.min.css]
[agrowealthcapitals.com/assets/upload/pagesImage/uPkUaPKFVRVvJ7dyssS4HU43HhWKmF.avif]
[agrowealthcapitals.com/index8083.html]
[agrowealthcapitals.com/assets/themes/light/images/background/subscribed-02.html]
[agrowealthcapitals.com/assets/themes/light/css/responsive.css]
[agrowealthcapitals.com/assets/themes/light/webfonts/fa-brands-400.html]
[agrowealthcapitals.com/assets/themes/light/webfonts/fa-duotone-900.html]
[agrowealthcapitals.com/assets/themes/light/webfonts/fa-light-300.html]
[agrowealthcapitals.com/assets/themes/light/webfonts/fa-regular-400.html]
[agrowealthcapitals.com/assets/themes/light/webfonts/fa-solid-900.html]
[agrowealthcapitals.com/assets/themes/light/webfonts/fa-thin-100.html]
[agrowealthcapitals.com/assets/themes/light/fonts/index.html]
[agrowealthcapitals.com/assets/themes/light/fonts/flaticond22fd22f.svg]
[agrowealthcapitals.com/assets/themes/light/fonts/icomoonb80fb80f.svg]
[agrowealthcapitals.com/assets/themes/light/css/owl.video.play.html]
[agri-wealth.bugfinder.net/assets/themes/light/css/bootstrap.css]
[agri-wealth.bugfinder.net/assets/themes/light/css/user-style.css]
[agri-wealth.bugfinder.net/assets/themes/light/images/404.jpg]
[agri-wealth.bugfinder.net/assets/themes/light/js/bootstrap.min.js]
[agri-wealth.bugfinder.net/assets/themes/light/js/user-script.js]
